[2026-09-08T22:43:55.532Z] GET https://palworks.github.io/openfullpage-site/?v=2 → 200 (322ms, 10124B)
[2026-09-08T22:43:55.858Z] GET https://fonts.googleapis.com/css2?family=Archivo:wght@400;500;600;800&family=IBM+Plex+Mono:wght@400;500;600&display=swap → pending (?ms, ?B)
[2026-09-08T22:43:55.858Z] GET https://palworks.github.io/openfullpage-site/assets/logo.svg → pending (?ms, ?B)
[2026-09-08T22:43:57.132Z] GET https://fonts.gstatic.com/s/archivo/v25/k3kPo8UDI-1M0wlSV9XAw6lQkqWY8Q82sLydOxKsv4Rn.woff2 → 200 (146ms, 35076B)
[2026-09-08T22:43:57.132Z] GET https://fonts.gstatic.com/s/ibmplexmono/v20/-F6qfjptAgt5VM-kVkqdyU8n3twJwlBFgsAXHNk.woff2 → 200 (103ms, 10593B)
[2026-09-08T22:43:57.132Z] GET https://fonts.gstatic.com/s/ibmplexmono/v20/-F63fjptAgt5VM-kVkqdyU8n1i8q131nj-o.woff2 → 200 (140ms, 10170B)
[2026-09-08T22:43:57.132Z] GET https://fonts.gstatic.com/s/ibmplexmono/v20/-F6qfjptAgt5VM-kVkqdyU8n3vAOwlBFgsAXHNk.woff2 → 200 (146ms, 10238B)
[2026-09-08T22:43:57.135Z] GET https://palworks.github.io/openfullpage-site/assets/shot-capture.png → 200 (289ms, 118340B)
[2026-09-08T22:43:57.135Z] GET https://palworks.github.io/openfullpage-site/assets/shot-annotate.png → 200 (294ms, 125549B)
[2026-09-08T22:43:57.135Z] GET https://palworks.github.io/openfullpage-site/assets/shot-save.png → 200 (242ms, 128048B)
[2026-09-08T22:48:49.705Z] GET https://palworks.github.io/openfullpage-site/?v=17516 → 200 (243ms, 10181B)
[2026-09-08T22:48:49.955Z] GET https://fonts.googleapis.com/css2?family=Archivo:wght@400;500;600;800&family=IBM+Plex+Mono:wght@400;500;600&display=swap → 200 (?ms, -743B)
[2026-09-08T22:48:49.956Z] GET https://palworks.github.io/openfullpage-site/assets/logo.svg → 200 (?ms, -730B)
[2026-09-08T22:48:49.958Z] GET https://palworks.github.io/openfullpage-site/assets/shot-capture.png → 200 (?ms, -706B)
[2026-09-08T22:48:49.958Z] GET https://palworks.github.io/openfullpage-site/assets/shot-annotate.png → 200 (?ms, -685B)
[2026-09-08T22:48:49.959Z] GET https://palworks.github.io/openfullpage-site/assets/shot-save.png → 200 (?ms, -706B)
[2026-09-08T22:48:49.962Z] GET https://fonts.gstatic.com/s/archivo/v25/k3kPo8UDI-1M0wlSV9XAw6lQkqWY8Q82sLydOxKsv4Rn.woff2 → 200 (1ms, -815B)
[2026-09-08T22:48:49.963Z] GET https://fonts.gstatic.com/s/ibmplexmono/v20/-F63fjptAgt5VM-kVkqdyU8n1i8q131nj-o.woff2 → 200 (?ms, -815B)
[2026-09-08T22:48:49.963Z] GET https://fonts.gstatic.com/s/ibmplexmono/v20/-F6qfjptAgt5VM-kVkqdyU8n3twJwlBFgsAXHNk.woff2 → 200 (?ms, -815B)
[2026-09-08T22:48:49.964Z] GET https://fonts.gstatic.com/s/ibmplexmono/v20/-F6qfjptAgt5VM-kVkqdyU8n3vAOwlBFgsAXHNk.woff2 → 200 (?ms, -815B)
[2026-09-08T22:48:53.094Z] GET https://palworks.github.io/openfullpage-site/?v=6983 → 200 (27ms, 10073B)
[2026-09-08T22:48:53.123Z] GET https://fonts.googleapis.com/css2?family=Archivo:wght@400;500;600;800&family=IBM+Plex+Mono:wght@400;500;600&display=swap → 200 (?ms, -743B)
[2026-09-08T22:48:53.123Z] GET https://palworks.github.io/openfullpage-site/assets/logo.svg → 200 (?ms, -730B)
[2026-09-08T22:48:53.124Z] GET https://palworks.github.io/openfullpage-site/assets/shot-capture.png → 200 (?ms, -706B)
[2026-09-08T22:48:53.124Z] GET https://palworks.github.io/openfullpage-site/assets/shot-annotate.png → 200 (?ms, -685B)
[2026-09-08T22:48:53.124Z] GET https://palworks.github.io/openfullpage-site/assets/shot-save.png → 200 (?ms, -706B)
[2026-09-08T22:48:53.125Z] GET https://fonts.gstatic.com/s/archivo/v25/k3kPo8UDI-1M0wlSV9XAw6lQkqWY8Q82sLydOxKsv4Rn.woff2 → 200 (?ms, -815B)
[2026-09-08T22:48:53.125Z] GET https://fonts.gstatic.com/s/ibmplexmono/v20/-F63fjptAgt5VM-kVkqdyU8n1i8q131nj-o.woff2 → 200 (?ms, -815B)
[2026-09-08T22:48:53.125Z] GET https://fonts.gstatic.com/s/ibmplexmono/v20/-F6qfjptAgt5VM-kVkqdyU8n3twJwlBFgsAXHNk.woff2 → 200 (?ms, -815B)
[2026-09-08T22:48:53.125Z] GET https://fonts.gstatic.com/s/ibmplexmono/v20/-F6qfjptAgt5VM-kVkqdyU8n3vAOwlBFgsAXHNk.woff2 → 200 (?ms, -815B)
